<<<<<<< HEAD
63042
=======
63051
>>>>>>> origin/main
