<<<<<<< HEAD
42843
=======
42853
>>>>>>> origin/main
