<<<<<<< HEAD
145155
=======
145119
>>>>>>> origin/main
