<<<<<<< HEAD
90634
=======
90383
>>>>>>> origin/main
