<<<<<<< HEAD
42887
=======
42124
>>>>>>> origin/main
