<<<<<<< HEAD
61992
=======
61223
>>>>>>> origin/main
