<<<<<<< HEAD
88906
=======
88551
>>>>>>> origin/main
