<<<<<<< HEAD
45408
=======
44870
>>>>>>> origin/main
