<<<<<<< HEAD
59987
=======
59224
>>>>>>> origin/main
