<<<<<<< HEAD
30888
=======
33526
>>>>>>> origin/main
