<<<<<<< HEAD
136362
=======
136084
>>>>>>> origin/main
