<<<<<<< HEAD
120437
=======
120183
>>>>>>> origin/main
