<<<<<<< HEAD
52599
=======
52511
>>>>>>> origin/main
